layer at (0,0) size 785x773
  RenderView at (0,0) size 785x600
layer at (0,0) size 785x600
  RenderBlock {html} at (0,0) size 785x600
    RenderBody {body} at (8,16) size 769x600
      RenderBlock {parsererror} at (16,0) size 737x137 [bgcolor=#FFDDDD] [border: (2px solid #CC7777)]
        RenderBlock {h3} at (18,20) size 701x23
          RenderText {#text} at (0,0) size 324x21
            text run at (0,0) width 324: "This page contains the following errors:"
        RenderBlock {div} at (18,61) size 701x15
          RenderText {#text} at (0,0) size 644x14
            text run at (0,0) width 644: "error on line 11 at column 96: Opening and ending tag mismatch: textArea line 0 and textarea"
            text run at (644,0) width 0: " "
        RenderBlock {h3} at (18,94) size 701x23
          RenderText {#text} at (0,0) size 429x21
            text run at (0,0) width 429: "Below is a rendering of the page up to the first error."
      RenderBlock (anonymous) at (0,152) size 769x605
        RenderSVGRoot {svg} at (104,183) size 445x136
          RenderSVGHiddenContainer {defs} at (0,0) size 0x0
            RenderSVGText {text} at (0,-15) size 61x19 contains 1 chunk(s)
              RenderSVGInlineText {#text} at (0,0) size 61x18
                chunk 1 text run 1 at (0.00,0.00) startOffset 0 endOffset 9 width 60.83: "Select me"
          RenderSVGText {text} at (10,12) size 80x23 contains 1 chunk(s)
            RenderSVGInline {tref} at (0,0) size 80x22
              RenderSVGInlineText {#text} at (0,0) size 80x22
                chunk 1 text run 1 at (10.00,30.00) startOffset 0 endOffset 9 width 80.00: "Select me"
          RenderSVGText {text} at (10,42) size 313x23 contains 1 chunk(s)
            RenderSVGInlineText {#text} at (0,0) size 313x22
              chunk 1 text run 1 at (10.00,60.00) startOffset 0 endOffset 39 width 312.50: "Select text above and drag selection to"
          RenderSVGText {text} at (10,72) size 371x23 contains 1 chunk(s)
            RenderSVGInlineText {#text} at (0,0) size 371x22
              chunk 1 text run 1 at (10.00,90.00) startOffset 0 endOffset 45 width 370.00: "the box below. Content of selection should be"
          RenderSVGText {text} at (10,102) size 285x23 contains 1 chunk(s)
            RenderSVGInlineText {#text} at (0,0) size 285x22
              chunk 1 text run 1 at (10.00,120.00) startOffset 0 endOffset 36 width 284.17: "copies once it's dropped in the box."
