layer at (0,0) size 785x773
  RenderView at (0,0) size 785x600
layer at (0,0) size 785x600
  RenderBlock {html} at (0,0) size 785x600
    RenderBody {body} at (8,16) size 769x600
      RenderBlock {parsererror} at (16,0) size 737x137 [bgcolor=#FFDDDD] [border: (2px solid #CC7777)]
        RenderBlock {h3} at (18,20) size 701x23
          RenderText {#text} at (0,0) size 324x21
            text run at (0,0) width 324: "This page contains the following errors:"
        RenderBlock {div} at (18,61) size 701x15
          RenderText {#text} at (0,0) size 644x14
            text run at (0,0) width 644: "error on line 7 at column 194: Opening and ending tag mismatch: textArea line 0 and textarea"
            text run at (644,0) width 0: " "
        RenderBlock {h3} at (18,94) size 701x23
          RenderText {#text} at (0,0) size 429x21
            text run at (0,0) width 429: "Below is a rendering of the page up to the first error."
      RenderBlock (anonymous) at (0,152) size 769x605
        RenderSVGRoot {svg} at (104,180) size 97x97
          RenderSVGContainer {a} at (104,180) size 97x97
            RenderSVGEllipse {circle} at (104,180) size 97x97 [fill={[type=SOLID] [color=#008000]}] [cx=50.00] [cy=50.00] [r=40.00]
