layer at (0,0) size 800x600
  RenderView at (0,0) size 800x600
layer at (0,0) size 800x432
  RenderBlock {HTML} at (0,0) size 800x432
    RenderBody {BODY} at (8,16) size 784x400
      RenderBlock {P} at (0,0) size 300x400
        RenderText {#text} at (0,0) size 80x16
          text run at (0,0) width 80: "AHEM_"
        RenderWordBreak {WBR} at (0,0) size 0x0
        RenderText {#text} at (80,0) size 80x16
          text run at (80,0) width 80: "ipsum"
        RenderWordBreak {WBR} at (0,0) size 0x0
        RenderText {#text} at (160,0) size 80x16
          text run at (160,0) width 80: "dolor"
        RenderWordBreak {WBR} at (0,0) size 0x0
        RenderText {#text} at (240,0) size 48x16
          text run at (240,0) width 48: "sit"
        RenderWordBreak {WBR} at (0,0) size 0x0
        RenderText {#text} at (0,16) size 80x16
          text run at (0,16) width 80: "amet,"
        RenderWordBreak {WBR} at (0,0) size 0x0
        RenderText {#text} at (80,16) size 176x16
          text run at (80,16) width 176: "consectetur"
        RenderWordBreak {WBR} at (0,0) size 0x0
        RenderText {#text} at (0,32) size 176x16
          text run at (0,32) width 176: "adipisicing"
        RenderWordBreak {WBR} at (0,0) size 0x0
        RenderText {#text} at (176,32) size 80x16
          text run at (176,32) width 80: "elit,"
        RenderWordBreak {WBR} at (0,0) size 0x0
        RenderText {#text} at (0,48) size 48x16
          text run at (0,48) width 48: "sed"
        RenderWordBreak {WBR} at (0,0) size 0x0
        RenderText {#text} at (48,48) size 32x16
          text run at (48,48) width 32: "do"
        RenderWordBreak {WBR} at (0,0) size 0x0
        RenderText {#text} at (80,48) size 112x16
          text run at (80,48) width 112: "eiusmod"
        RenderWordBreak {WBR} at (0,0) size 0x0
        RenderText {#text} at (192,48) size 96x16
          text run at (192,48) width 96: "tempor"
        RenderWordBreak {WBR} at (0,0) size 0x0
        RenderText {#text} at (0,64) size 160x16
          text run at (0,64) width 160: "incididunt"
        RenderWordBreak {WBR} at (0,0) size 0x0
        RenderText {#text} at (160,64) size 32x16
          text run at (160,64) width 32: "ut"
        RenderWordBreak {WBR} at (0,0) size 0x0
        RenderText {#text} at (192,64) size 96x16
          text run at (192,64) width 96: "labore"
        RenderWordBreak {WBR} at (0,0) size 0x0
        RenderText {#text} at (0,80) size 32x16
          text run at (0,80) width 32: "et"
        RenderWordBreak {WBR} at (0,0) size 0x0
        RenderText {#text} at (32,80) size 96x16
          text run at (32,80) width 96: "dolore"
        RenderWordBreak {WBR} at (0,0) size 0x0
        RenderText {#text} at (128,80) size 80x16
          text run at (128,80) width 80: "magna"
        RenderWordBreak {WBR} at (0,0) size 0x0
        RenderText {#text} at (0,96) size 112x16
          text run at (0,96) width 112: "aliqua."
        RenderWordBreak {WBR} at (0,0) size 0x0
        RenderText {#text} at (112,96) size 32x16
          text run at (112,96) width 32: "Ut"
        RenderWordBreak {WBR} at (0,0) size 0x0
        RenderText {#text} at (144,96) size 64x16
          text run at (144,96) width 64: "enim"
        RenderWordBreak {WBR} at (0,0) size 0x0
        RenderText {#text} at (208,96) size 32x16
          text run at (208,96) width 32: "ad"
        RenderWordBreak {WBR} at (0,0) size 0x0
        RenderText {#text} at (0,112) size 80x16
          text run at (0,112) width 80: "minim"
        RenderWordBreak {WBR} at (0,0) size 0x0
        RenderText {#text} at (80,112) size 112x16
          text run at (80,112) width 112: "veniam,"
        RenderWordBreak {WBR} at (0,0) size 0x0
        RenderText {#text} at (192,112) size 64x16
          text run at (192,112) width 64: "quis"
        RenderWordBreak {WBR} at (0,0) size 0x0
        RenderText {#text} at (0,128) size 112x16
          text run at (0,128) width 112: "nostrud"
        RenderWordBreak {WBR} at (0,0) size 0x0
        RenderText {#text} at (0,144) size 192x16
          text run at (0,144) width 192: "exercitation"
        RenderWordBreak {WBR} at (0,0) size 0x0
        RenderText {#text} at (0,160) size 112x16
          text run at (0,160) width 112: "ullamco"
        RenderWordBreak {WBR} at (0,0) size 0x0
        RenderText {#text} at (112,160) size 112x16
          text run at (112,160) width 112: "laboris"
        RenderWordBreak {WBR} at (0,0) size 0x0
        RenderText {#text} at (224,160) size 64x16
          text run at (224,160) width 64: "nisi"
        RenderWordBreak {WBR} at (0,0) size 0x0
        RenderText {#text} at (0,176) size 32x16
          text run at (0,176) width 32: "ut"
        RenderWordBreak {WBR} at (0,0) size 0x0
        RenderText {#text} at (32,176) size 112x16
          text run at (32,176) width 112: "aliquip"
        RenderWordBreak {WBR} at (0,0) size 0x0
        RenderText {#text} at (144,176) size 32x16
          text run at (144,176) width 32: "ex"
        RenderWordBreak {WBR} at (0,0) size 0x0
        RenderText {#text} at (176,176) size 32x16
          text run at (176,176) width 32: "ea"
        RenderWordBreak {WBR} at (0,0) size 0x0
        RenderText {#text} at (0,192) size 112x16
          text run at (0,192) width 112: "commodo"
        RenderWordBreak {WBR} at (0,0) size 0x0
        RenderText {#text} at (112,192) size 160x16
          text run at (112,192) width 160: "consequat."
        RenderWordBreak {WBR} at (0,0) size 0x0
        RenderText {#text} at (0,208) size 64x16
          text run at (0,208) width 64: "Duis"
        RenderWordBreak {WBR} at (0,0) size 0x0
        RenderText {#text} at (64,208) size 64x16
          text run at (64,208) width 64: "aute"
        RenderWordBreak {WBR} at (0,0) size 0x0
        RenderText {#text} at (128,208) size 80x16
          text run at (128,208) width 80: "irure"
        RenderWordBreak {WBR} at (0,0) size 0x0
        RenderText {#text} at (208,208) size 80x16
          text run at (208,208) width 80: "dolor"
        RenderWordBreak {WBR} at (0,0) size 0x0
        RenderText {#text} at (0,224) size 32x16
          text run at (0,224) width 32: "in"
        RenderWordBreak {WBR} at (0,0) size 0x0
        RenderText {#text} at (32,224) size 208x16
          text run at (32,224) width 208: "reprehenderit"
        RenderWordBreak {WBR} at (0,0) size 0x0
        RenderText {#text} at (240,224) size 32x16
          text run at (240,224) width 32: "in"
        RenderWordBreak {WBR} at (0,0) size 0x0
        RenderText {#text} at (0,240) size 144x16
          text run at (0,240) width 144: "voluptate"
        RenderWordBreak {WBR} at (0,0) size 0x0
        RenderText {#text} at (144,240) size 80x16
          text run at (144,240) width 80: "velit"
        RenderWordBreak {WBR} at (0,0) size 0x0
        RenderText {#text} at (224,240) size 64x16
          text run at (224,240) width 64: "esse"
        RenderWordBreak {WBR} at (0,0) size 0x0
        RenderText {#text} at (0,256) size 96x16
          text run at (0,256) width 96: "cillum"
        RenderWordBreak {WBR} at (0,0) size 0x0
        RenderText {#text} at (96,256) size 96x16
          text run at (96,256) width 96: "dolore"
        RenderWordBreak {WBR} at (0,0) size 0x0
        RenderText {#text} at (192,256) size 32x16
          text run at (192,256) width 32: "eu"
        RenderWordBreak {WBR} at (0,0) size 0x0
        RenderText {#text} at (0,272) size 96x16
          text run at (0,272) width 96: "fugiat"
        RenderWordBreak {WBR} at (0,0) size 0x0
        RenderText {#text} at (96,272) size 80x16
          text run at (96,272) width 80: "nulla"
        RenderWordBreak {WBR} at (0,0) size 0x0
        RenderText {#text} at (0,288) size 144x16
          text run at (0,288) width 144: "pariatur."
        RenderWordBreak {WBR} at (0,0) size 0x0
        RenderText {#text} at (144,288) size 144x16
          text run at (144,288) width 144: "Excepteur"
        RenderWordBreak {WBR} at (0,0) size 0x0
        RenderText {#text} at (0,304) size 64x16
          text run at (0,304) width 64: "sint"
        RenderWordBreak {WBR} at (0,0) size 0x0
        RenderText {#text} at (64,304) size 128x16
          text run at (64,304) width 128: "occaecat"
        RenderWordBreak {WBR} at (0,0) size 0x0
        RenderText {#text} at (0,320) size 144x16
          text run at (0,320) width 144: "cupidatat"
        RenderWordBreak {WBR} at (0,0) size 0x0
        RenderText {#text} at (144,320) size 48x16
          text run at (144,320) width 48: "non"
        RenderWordBreak {WBR} at (0,0) size 0x0
        RenderText {#text} at (0,336) size 144x16
          text run at (0,336) width 144: "proident,"
        RenderWordBreak {WBR} at (0,0) size 0x0
        RenderText {#text} at (144,336) size 64x16
          text run at (144,336) width 64: "sunt"
        RenderWordBreak {WBR} at (0,0) size 0x0
        RenderText {#text} at (208,336) size 32x16
          text run at (208,336) width 32: "in"
        RenderWordBreak {WBR} at (0,0) size 0x0
        RenderText {#text} at (0,352) size 80x16
          text run at (0,352) width 80: "culpa"
        RenderWordBreak {WBR} at (0,0) size 0x0
        RenderText {#text} at (80,352) size 48x16
          text run at (80,352) width 48: "qui"
        RenderWordBreak {WBR} at (0,0) size 0x0
        RenderText {#text} at (128,352) size 112x16
          text run at (128,352) width 112: "officia"
        RenderWordBreak {WBR} at (0,0) size 0x0
        RenderText {#text} at (0,368) size 128x16
          text run at (0,368) width 128: "deserunt"
        RenderWordBreak {WBR} at (0,0) size 0x0
        RenderText {#text} at (128,368) size 96x16
          text run at (128,368) width 96: "mollit"
        RenderWordBreak {WBR} at (0,0) size 0x0
        RenderText {#text} at (224,368) size 64x16
          text run at (224,368) width 64: "anim"
        RenderWordBreak {WBR} at (0,0) size 0x0
        RenderText {#text} at (0,384) size 32x16
          text run at (0,384) width 32: "id"
        RenderWordBreak {WBR} at (0,0) size 0x0
        RenderText {#text} at (32,384) size 48x16
          text run at (32,384) width 48: "est"
        RenderWordBreak {WBR} at (0,0) size 0x0
        RenderText {#text} at (80,384) size 128x16
          text run at (80,384) width 128: "laborum."
