layer at (0,0) size 785x770
  RenderView at (0,0) size 785x600
layer at (0,0) size 785x600
  RenderBlock {html} at (0,0) size 785x600
    RenderBody {body} at (8,16) size 769x600
      RenderBlock {parsererror} at (16,0) size 737x135 [bgcolor=#FFDDDD] [border: (2px solid #CC7777)]
        RenderBlock {h3} at (18,20) size 701x22
          RenderText {#text} at (0,0) size 324x21
            text run at (0,0) width 324: "This page contains the following errors:"
        RenderBlock {div} at (18,60) size 701x15
          RenderText {#text} at (0,0) size 651x14
            text run at (0,0) width 651: "error on line 13 at column 147: Opening and ending tag mismatch: textArea line 0 and textarea"
            text run at (651,0) width 0: " "
        RenderBlock {h3} at (18,93) size 701x22
          RenderText {#text} at (0,0) size 429x21
            text run at (0,0) width 429: "Below is a rendering of the page up to the first error."
      RenderBlock (anonymous) at (0,150) size 769x604
        RenderSVGRoot {svg} at (92,166) size 481x121
          RenderSVGContainer {a} at (92,166) size 121x121
            RenderSVGEllipse {circle} at (92,166) size 121x121 [fill={[type=SOLID] [color=#808000]}] [cx=50.00] [cy=50.00] [r=50.00]
          RenderSVGContainer {a} at (272,166) size 121x121
            RenderSVGEllipse {circle} at (272,166) size 121x121 [fill={[type=SOLID] [color=#008000]}] [cx=200.00] [cy=50.00] [r=50.00]
          RenderSVGContainer {a} at (452,166) size 121x121
            RenderSVGEllipse {circle} at (452,166) size 121x121 [fill={[type=SOLID] [color=#008080]}] [cx=350.00] [cy=50.00] [r=50.00]
