layer at (0,0) size 800x600
  RenderView at (0,0) size 800x600
layer at (0,0) size 800x48
  RenderBlock {html} at (0,0) size 800x48
    RenderBody {body} at (0,10) size 800x25
      RenderBlock {div} at (10,0) size 780x25 [border: none (2px solid #000000) none]
        RenderInline {span} at (0,0) size 727x18
          RenderText {#text} at (0,0) size 727x18
            text run at (0,0) width 727: "This XML file does not appear to have any style information associated with it. The document tree is shown below."
        RenderBR {br} at (727,0) size 0x18
      RenderBlock {div} at (20,38) size 780x0
